// Vitest Snapshot v1, https://vitest.dev/guide/snapshot.html

exports[`Snapshots SongItem.vue > Renders correctly 1`] = `
<li
  class="flex justify-between items-center p-3 pl-6 cursor-pointer transition duration-300 hover:bg-gray-50"
  id="song-id-abc"
>
  <div>
    <router-link-stub
      class="font-bold block text-gray-600"
      custom="false"
      href="#"
      to="[object Object]"
    />
    <span
      class="text-gray-500 text-sm"
    >
      test
    </span>
  </div>
  <div
    class="text-gray-600 text-lg"
  >
    <router-link-stub
      class="comments"
      custom="true"
      to="[object Object]"
    />
  </div>
</li>
`;
